// Jest Snapshot v1, https://goo.gl/fbAQLP

exports[`Loader component should match snapshot 1`] = `
<div
  class="loader"
>
  <img
    alt=""
    src="pokeball-loader.gif"
  />
</div>
`;
